
> baatcheet@0.1.0 build
> next build

Γû▓ Next.js 16.2.2 (Turbopack)
- Environments: .env

  Creating an optimized production build ...
node.exe : 
At C:\Program 
Files\nodejs\npm.ps1:29 
char:3
+   & $NODE_EXE $NPM_CLI_JS 
$args
+   
~~~~~~~~~~~~~~~~~~~~~~~~~~~~~
    + CategoryInfo           
   : NotSpecified: (:String  
  ) [], RemoteException
    + FullyQualifiedErrorId  
   : NativeCommandError
 
> Build error occurred
Error: Turbopack build 
failed with 1 errors:
./app/lib/ai.ts:2:1
Module not found: Can't 
resolve 'openai'
  [90m1 |[0m [90m// 
app/lib/ai.ts[0m
[31m[1m>[0m [90m2 |[0m 
[36mimport[0m { 
[33mConfiguration[0m, 
[33mOpenAIApi[0m } 
[36mfrom[0m 
[32m'openai'[0m;
  [90m  |[0m [31m[1m^^^^^
^^^^^^^^^^^^^^^^^^^^^^^^^^^^^
^^^^^^^^^^^^^^^^[0m
  [90m3 |[0m
  [90m4 |[0m 
[36mconst[0m openaiKey = pr
ocess.env.[33mOPENAI_API_KEY
[0m;
  [90m5 |[0m 
[36mconst[0m geminiKey = pr
ocess.env.[33mGEMINI_API_KEY
[0m;



Import trace:
  App Route:
    ./app/lib/ai.ts
    
./app/api/analyze/route.ts

https://nextjs.org/docs/messa
ges/module-not-found


    at <unknown> 
(./app/lib/ai.ts:2:1)
    at <unknown> (https://nex
tjs.org/docs/messages/module-
not-found)
